15:45:10 SQL> select user,global_name from global_name;

USER                                                                                                                                                                                                                                                                                                        
------------------------------------------------------------------------------------------------------------------------------------------------------------------------------------------------------------------------------------------------------------------------------------------------------------
GLOBAL_NAME                                                                                                                                                                                                                                                                                                 
------------------------------                                                                                                                                                                                                                                                                              
PRDPCOWNW                                                                                                                                                                                                                                                                                                   
PRDOMS                                                                                                                                                                                                                                                                                                      
                                                                                                                                                                                                                                                                                                            

1 row selected.

Elapsed: 00:00:00.00
15:45:10 SQL> set define off
15:45:10 SQL> --add files
15:45:10 SQL> --@1.sql
15:45:10 SQL> @delete_oms_part_tables.sql;
15:45:10 SQL> delete from tbvalid_value where application_id='AIORD9';

4555 rows deleted.

Elapsed: 00:00:00.06
15:45:10 SQL> delete from tbdecode where application_id='AIORD9';

8093 rows deleted.

Elapsed: 00:00:00.07
15:45:10 SQL> delete from tbdomain where application_id='AIORD9';

506 rows deleted.

Elapsed: 00:00:00.01
15:45:10 SQL> commit;

Commit complete.

Elapsed: 00:00:00.00
15:45:10 SQL> 
15:45:10 SQL> spool off;
