;;; 
Import: Release 19.0.0.0.0 - Production on Tue May 26 15:56:41 2026
Version 19.22.0.0.0

Copyright (c) 1982, 2019, Oracle and/or its affiliates.  All rights reserved.
;;; 
Connected to: Oracle Database 19c Enterprise Edition Release 19.0.0.0.0 - Production
;;; **************************************************************************
;;; Parfile values:
;;;  parfile:  cluster=N
;;;  parfile:  trace=480300
;;;  parfile:  metrics=Y
;;;  parfile:  table_exists_action=TRUNCATE
;;;  parfile:  content=data_only
;;;  parfile:  remap_schema=TFPSEDB8:PRDSEOWNW
;;;  parfile:  data_options=SKIP_CONSTRAINT_ERRORS
;;;  parfile:  logfile=HF.100010870.SE.log
;;;  parfile:  dumpfile=TFPSEDB8_PMECOMS8.dmp
;;;  parfile:  directory=HFDUMP
;;;  parfile:  userid=HFGT/********@prdoms
;;; **************************************************************************
W-1 Startup took 0 seconds
W-1 Master table "HFGT"."SYS_IMPORT_FULL_03" successfully loaded/unloaded
Starting "HFGT"."SYS_IMPORT_FULL_03":  HFGT/********@prdoms parfile=SE.par 
W-1 Processing object type TABLE_EXPORT/TABLE/TABLE_DATA
W-1 . . imported "PRDSEOWNW"."TBRELATION"                    523.8 MB 4289024 rows in 116 seconds using external_table
W-1 . . imported "PRDSEOWNW"."TBITEM_DISPLAY_PROP"           402.4 MB  431894 rows in 16 seconds using external_table
W-1 . . imported "PRDSEOWNW"."TBREFINED_RELATION"            202.5 MB 4073362 rows in 61 seconds using external_table
W-1 . . imported "PRDSEOWNW"."TB_INTERMEDIATE_DO"            1.470 GB  194066 rows in 55 seconds using external_table
W-1 . . imported "PRDSEOWNW"."EPCIMPORT_REF_REL_DATA"        120.1 MB 3967286 rows in 11 seconds using external_table
W-1 . . imported "PRDSEOWNW"."TB_ENTITY_STORE"               1.568 GB   95385 rows in 45 seconds using external_table
W-1 . . imported "PRDSEOWNW"."TBDYNAMIC_BILL_PROP"           42.09 MB  755969 rows in 3 seconds using external_table
W-1 . . imported "PRDSEOWNW"."TBITEM_PROPERTY"               35.06 MB  522596 rows in 6 seconds using external_table
W-1 . . imported "PRDSEOWNW"."TBDOCUMENT"                    26.68 MB  135173 rows in 0 seconds using external_table
W-1 . . imported "PRDSEOWNW"."TBBILL_PARAM_PROP"             16.96 MB  134401 rows in 1 seconds using external_table
W-1 . . imported "PRDSEOWNW"."TB_ELEMENT_DEPENDENCY"         48.04 MB   16814 rows in 2 seconds using external_table
W-1 . . imported "PRDSEOWNW"."TBENTITY_CHANNEL"              10.89 MB  198245 rows in 1 seconds using external_table
W-1 . . imported "PRDSEOWNW"."TB_EPC_ELEMENT"                26.28 GB   47405 rows in 203 seconds using external_table
W-1 . . imported "PRDSEOWNW"."TBDESCRIPTION"                 8.358 MB   82199 rows in 1 seconds using external_table
W-1 . . imported "PRDSEOWNW"."TBNAME"                        8.148 MB   82202 rows in 1 seconds using external_table
W-1 . . imported "PRDSEOWNW"."TBCC_BILL_PARAM"               5.635 MB   65667 rows in 0 seconds using external_table
W-1 . . imported "PRDSEOWNW"."TBDATE"                        4.667 MB   82202 rows in 1 seconds using external_table
W-1 . . imported "PRDSEOWNW"."TBCATALOG_ITEM"                3.892 MB   41102 rows in 1 seconds using external_table
W-1 . . imported "PRDSEOWNW"."TB_EPC_ELEMENT_GUID"           2.287 MB   45322 rows in 0 seconds using external_table
W-1 . . imported "PRDSEOWNW"."AIF_OPERATION"                 5.632 MB    1033 rows in 1 seconds using external_table
W-1 . . imported "PRDSEOWNW"."TBDECODE"                      841.1 KB    8093 rows in 0 seconds using external_table
W-1 . . imported "PRDSEOWNW"."TB_EPC_EFFECTIVE_ELEMENT"      858.1 KB   30703 rows in 0 seconds using external_table
W-1 . . imported "PRDSEOWNW"."TBATTRIBUTE_DYNAMIC_PROP"      678.7 KB   11434 rows in 1 seconds using external_table
W-1 . . imported "PRDSEOWNW"."TBOFFER"                       679.4 KB   15811 rows in 0 seconds using external_table
W-1 . . imported "PRDSEOWNW"."TBVALIDVALUE_TBDECODE"         544.7 KB    8093 rows in 0 seconds using external_table
W-1 . . imported "PRDSEOWNW"."TB_COMPILED_RULES"             502.0 KB     214 rows in 0 seconds using external_table
W-1 . . imported "PRDSEOWNW"."TBCOMPONENT"                   540.5 KB    9833 rows in 1 seconds using external_table
W-1 . . imported "PRDSEOWNW"."TBVALID_VALUE"                 446.1 KB    4555 rows in 0 seconds using external_table
W-1 . . imported "PRDSEOWNW"."TBLOCALIZED_PROP"              389.8 KB    2398 rows in 0 seconds using external_table
W-1 . . imported "PRDSEOWNW"."TBPRICE_PLAN"                  407.1 KB    6024 rows in 0 seconds using external_table
W-1 . . imported "PRDSEOWNW"."EPCIMPORT_UPD_CAT_ITEM"        425.7 KB   22912 rows in 1 seconds using external_table
W-1 . . imported "PRDSEOWNW"."TBPRODUCT"                     403.2 KB    9164 rows in 0 seconds using external_table
W-1 . . imported "PRDSEOWNW"."TB_IMPORT_STEP_CHUNK_EXE"      591.5 KB    6230 rows in 0 seconds using external_table
W-1 . . imported "PRDSEOWNW"."TBPCRULES"                     147.6 KB     486 rows in 0 seconds using external_table
W-1 . . imported "PRDSEOWNW"."TBRULE_NAME"                   141.6 KB     486 rows in 0 seconds using external_table
W-1 . . imported "PRDSEOWNW"."TBPROPERTY"                    104.1 KB    1199 rows in 0 seconds using external_table
W-1 . . imported "PRDSEOWNW"."MSG_RULE_MESSAGES"             79.67 KB     486 rows in 0 seconds using external_table
W-1 . . imported "PRDSEOWNW"."TBDOMAIN"                      70.06 KB     506 rows in 0 seconds using external_table
W-1 . . imported "PRDSEOWNW"."TBBILL_PARAM"                  49.30 KB     314 rows in 0 seconds using external_table
W-1 . . imported "PRDSEOWNW"."TBBILL_DOMAIN_VV"              32.42 KB     297 rows in 0 seconds using external_table
W-1 . . imported "PRDSEOWNW"."TBPROCESS"                     32.75 KB     267 rows in 0 seconds using external_table
W-1 . . imported "PRDSEOWNW"."TBENTITY_NAME"                 24.80 KB     214 rows in 0 seconds using external_table
W-1 . . imported "PRDSEOWNW"."TB_IMPORT_STEP_EXE"            38.34 KB     166 rows in 1 seconds using external_table
W-1 . . imported "PRDSEOWNW"."TBPC_VERSION"                  22.94 KB     177 rows in 0 seconds using external_table
W-1 . . imported "PRDSEOWNW"."TBCATEGORY_TO_CATEGORY"        22.77 KB     202 rows in 0 seconds using external_table
W-1 . . imported "PRDSEOWNW"."EPCIMPORT_ATTRIBUTE_POPLVL"    27.20 KB    1082 rows in 0 seconds using external_table
W-1 . . imported "PRDSEOWNW"."TBCATEGORY"                    21.46 KB     107 rows in 0 seconds using external_table
W-1 . . imported "PRDSEOWNW"."TB_IMPORT_EXECUTION"           19.26 KB       3 rows in 0 seconds using external_table
W-1 . . imported "PRDSEOWNW"."SIM_CUSTOMER_DATA"             12.44 KB      15 rows in 0 seconds using external_table
W-1 . . imported "PRDSEOWNW"."TBBILL_DOMAIN"                 11.26 KB      66 rows in 0 seconds using external_table
W-1 . . imported "PRDSEOWNW"."EPC1_DISTRIB_VERSION"          10.02 KB       1 rows in 1 seconds using external_table
W-1 . . imported "PRDSEOWNW"."TBCD_SALES_CHANNEL"            9.796 KB      20 rows in 0 seconds using external_table
W-1 . . imported "PRDSEOWNW"."TBOPTIONAL_DOMAINS"            8.890 KB       7 rows in 0 seconds using external_table
W-1 . . imported "PRDSEOWNW"."TBBILL_VAL_MAP"                8.835 KB       8 rows in 0 seconds using external_table
W-1 . . imported "PRDSEOWNW"."TBEVENT_GROUP"                 8.585 KB       2 rows in 0 seconds using external_table
W-1 . . imported "PRDSEOWNW"."ADP_OMS_DB_HEADER"             8.187 KB       1 rows in 0 seconds using external_table
W-1 . . imported "PRDSEOWNW"."TB_WCMS_STORE"                 12.77 MB       1 rows in 0 seconds using external_table
W-1 . . imported "PRDSEOWNW"."CD_TRACKING_REF"               7.726 KB      20 rows in 0 seconds using external_table
W-1 . . imported "PRDSEOWNW"."EFFECTIVE_VERSION"             7.796 KB       1 rows in 0 seconds using external_table
W-1 . . imported "PRDSEOWNW"."TBCATEGORY_CHANNEL"            7.476 KB       8 rows in 1 seconds using external_table
W-1 . . imported "PRDSEOWNW"."TB_LOGICAL_DATE"               6.828 KB       1 rows in 0 seconds using external_table
W-1 . . imported "PRDSEOWNW"."TB_INDEXFILES_STORE"           265.3 MB       1 rows in 2 seconds using external_table
W-1 . . imported "PRDSEOWNW"."EPC1_DISTRIB_LOG"                  0 KB       0 rows in 0 seconds using external_table
W-1 . . imported "PRDSEOWNW"."EPC1_PKG_HISTORY"                  0 KB       0 rows in 0 seconds using external_table
W-1 . . imported "PRDSEOWNW"."EPCIMPORT_DEPOSIT"                 0 KB       0 rows in 0 seconds using external_table
W-1 . . imported "PRDSEOWNW"."EPCIMPORT_LOGS"                    0 KB       0 rows in 0 seconds using external_table
W-1 . . imported "PRDSEOWNW"."PCE_SORT_ENTITY"                   0 KB       0 rows in 0 seconds using external_table
W-1 . . imported "PRDSEOWNW"."TBAPPLICATION_VERSION"             0 KB       0 rows in 0 seconds using external_table
W-1 . . imported "PRDSEOWNW"."TBCATALOG_ITEM_CTG"                0 KB       0 rows in 0 seconds using external_table
W-1 . . imported "PRDSEOWNW"."TBCATEGORY_CRITERIA"               0 KB       0 rows in 0 seconds using external_table
W-1 . . imported "PRDSEOWNW"."TBCATEGORY_FEATURES"               0 KB       0 rows in 0 seconds using external_table
W-1 . . imported "PRDSEOWNW"."TBCATEGORY_RELATION"               0 KB       0 rows in 0 seconds using external_table
W-1 . . imported "PRDSEOWNW"."TBCHARGE_CODE"                     0 KB       0 rows in 0 seconds using external_table
W-1 . . imported "PRDSEOWNW"."TBCHARGE_EVENT"                    0 KB       0 rows in 0 seconds using external_table
W-1 . . imported "PRDSEOWNW"."TBCOMMITMENT_TERM"                 0 KB       0 rows in 0 seconds using external_table
W-1 . . imported "PRDSEOWNW"."TBCOMMITMNT_PERIOD"                0 KB       0 rows in 0 seconds using external_table
W-1 . . imported "PRDSEOWNW"."TBCRITERIA"                        0 KB       0 rows in 0 seconds using external_table
W-1 . . imported "PRDSEOWNW"."TBDOMAIN_GROUP"                    0 KB       0 rows in 0 seconds using external_table
W-1 . . imported "PRDSEOWNW"."TBFEATURES"                        0 KB       0 rows in 0 seconds using external_table
W-1 . . imported "PRDSEOWNW"."TBGEN_INFO_POOL"                   0 KB       0 rows in 0 seconds using external_table
W-1 . . imported "PRDSEOWNW"."TBITEM2ITEM_RELATION"              0 KB       0 rows in 0 seconds using external_table
W-1 . . imported "PRDSEOWNW"."TBITEM_CATEGORIES_CRITERIA"        0 KB       0 rows in 0 seconds using external_table
W-1 . . imported "PRDSEOWNW"."TBITEM_CATEGORY_FEATURES"          0 KB       0 rows in 0 seconds using external_table
W-1 . . imported "PRDSEOWNW"."TBITEM_CONTACT"                    0 KB       0 rows in 0 seconds using external_table
W-1 . . imported "PRDSEOWNW"."TBITEM_SECURITY"                   0 KB       0 rows in 0 seconds using external_table
W-1 . . imported "PRDSEOWNW"."TBJS_INFO"                         0 KB       0 rows in 0 seconds using external_table
W-1 . . imported "PRDSEOWNW"."TBLOCALIZED_RELATION"              0 KB       0 rows in 0 seconds using external_table
W-1 . . imported "PRDSEOWNW"."TBMARKETING_PARAMETER"             0 KB       0 rows in 0 seconds using external_table
W-1 . . imported "PRDSEOWNW"."TBOFFER2OFFER_RELATION"            0 KB       0 rows in 0 seconds using external_table
W-1 . . imported "PRDSEOWNW"."TBOFFER2OFFER_RELATION_ROOT"       0 KB       0 rows in 0 seconds using external_table
W-1 . . imported "PRDSEOWNW"."TBOFFER_MARKETING_PARAMETER"       0 KB       0 rows in 0 seconds using external_table
W-1 . . imported "PRDSEOWNW"."TBPCCONTACT"                       0 KB       0 rows in 0 seconds using external_table
W-1 . . imported "PRDSEOWNW"."TBPOPULAR_PCITEMS"                 0 KB       0 rows in 0 seconds using external_table
W-1 . . imported "PRDSEOWNW"."TBRELATION_PROP"                   0 KB       0 rows in 0 seconds using external_table
W-1 . . imported "PRDSEOWNW"."TBREPORTS_SOURCE"                  0 KB       0 rows in 0 seconds using external_table
W-1 . . imported "PRDSEOWNW"."TBRESOURCE"                        0 KB       0 rows in 0 seconds using external_table
W-1 . . imported "PRDSEOWNW"."TBROLE"                            0 KB       0 rows in 0 seconds using external_table
W-1 . . imported "PRDSEOWNW"."TBSECURITY_PROFILE"                0 KB       0 rows in 0 seconds using external_table
W-1 . . imported "PRDSEOWNW"."TBSELECTION_GROUP"                 0 KB       0 rows in 0 seconds using external_table
W-1 . . imported "PRDSEOWNW"."TBSLA"                             0 KB       0 rows in 0 seconds using external_table
W-1 . . imported "PRDSEOWNW"."TBSLA_CATEGORY"                    0 KB       0 rows in 0 seconds using external_table
W-1 . . imported "PRDSEOWNW"."TBSOURCE_ITEM"                     0 KB       0 rows in 0 seconds using external_table
W-1 . . imported "PRDSEOWNW"."TBVALID_VALUE_CATEGORY"            0 KB       0 rows in 0 seconds using external_table
W-1 . . imported "PRDSEOWNW"."TB_INDEX_ITEMS"                    0 KB       0 rows in 0 seconds using external_table
W-1      Completed 104 TABLE_EXPORT/TABLE/TABLE_DATA objects in 602 seconds
Job "HFGT"."SYS_IMPORT_FULL_03" successfully completed at Tue May 26 16:07:21 2026 elapsed 0 00:10:38
