;;; 
Import: Release 19.0.0.0.0 - Production on Tue May 26 15:20:31 2026
Version 19.22.0.0.0

Copyright (c) 1982, 2019, Oracle and/or its affiliates.  All rights reserved.
;;; 
Connected to: Oracle Database 19c Enterprise Edition Release 19.0.0.0.0 - Production
;;; **************************************************************************
;;; Parfile values:
;;;  parfile:  trace=480300
;;;  parfile:  metrics=Y
;;;  parfile:  cluster=N
;;;  parfile:  table_exists_action=TRUNCATE
;;;  parfile:  content=data_only
;;;  parfile:  remap_schema=TFPOMSD8:PRDPCOWNW
;;;  parfile:  data_options=SKIP_CONSTRAINT_ERRORS
;;;  parfile:  logfile=HF.100010874.IMPDP_pc_full.log
;;;  parfile:  dumpfile=TFPOMSD8_PMECOMS8_Oms_PC_FULL.dmp
;;;  parfile:  directory=HFDUMP
;;;  parfile:  userid=HFGT/********@prdoms
;;; **************************************************************************
W-1 Startup took 0 seconds
W-1 Master table "HFGT"."SYS_IMPORT_FULL_03" successfully loaded/unloaded
Starting "HFGT"."SYS_IMPORT_FULL_03":  HFGT/********@prdoms parfile=PC_FULL.par 
W-1 Processing object type TABLE_EXPORT/TABLE/TABLE_DATA
W-1 . . imported "PRDPCOWNW"."TBRELATION"                    2.186 GB 14955811 rows in 469 seconds using external_table
W-1 . . imported "PRDPCOWNW"."TBREFINED_RELATION"            779.7 MB 14712682 rows in 250 seconds using external_table
W-1 . . imported "PRDPCOWNW"."TBITEM_DISPLAY_PROP"           589.0 MB  556282 rows in 18 seconds using external_table
W-1 . . imported "PRDPCOWNW"."TBOFFER2OFFER_RELATION"        63.87 MB 1592833 rows in 19 seconds using external_table
W-1 . . imported "PRDPCOWNW"."TBDYNAMIC_BILL_PROP"           65.31 MB 1168929 rows in 6 seconds using external_table
W-1 . . imported "PRDPCOWNW"."TBITEM_PROPERTY"               44.46 MB  648758 rows in 7 seconds using external_table
W-1 . . imported "PRDPCOWNW"."TBDOCUMENT"                    30.82 MB  158436 rows in 1 seconds using external_table
W-1 . . imported "PRDPCOWNW"."TBNAME"                        12.16 MB  118864 rows in 3 seconds using external_table
W-1 . . imported "PRDPCOWNW"."TBENTITY_CHANNEL"              15.50 MB  271673 rows in 1 seconds using external_table
W-1 . . imported "PRDPCOWNW"."TBPCRULES"                     14.36 MB   36222 rows in 1 seconds using external_table
W-1 . . imported "PRDPCOWNW"."TBRULE_NAME"                   14.10 MB   35158 rows in 1 seconds using external_table
W-1 . . imported "PRDPCOWNW"."TBBILL_PARAM_PROP"             14.12 MB  110247 rows in 1 seconds using external_table
W-1 . . imported "PRDPCOWNW"."TBDESCRIPTION"                 12.55 MB  118861 rows in 0 seconds using external_table
W-1 . . imported "PRDPCOWNW"."TBCC_BILL_PARAM"               7.305 MB   84748 rows in 1 seconds using external_table
W-1 . . imported "PRDPCOWNW"."TBDATE"                        7.153 MB  118864 rows in 1 seconds using external_table
W-1 . . imported "PRDPCOWNW"."TBCATALOG_ITEM"                5.726 MB   59433 rows in 0 seconds using external_table
W-1 . . imported "PRDPCOWNW"."MSG_RULE_MESSAGES"             3.807 MB   25024 rows in 1 seconds using external_table
W-1 . . imported "PRDPCOWNW"."TBOFFER"                       1.255 MB   28059 rows in 1 seconds using external_table
W-1 . . imported "PRDPCOWNW"."TBCOMPONENT"                   689.0 KB   12099 rows in 0 seconds using external_table
W-1 . . imported "PRDPCOWNW"."TBPRODUCT"                     560.9 KB   11407 rows in 0 seconds using external_table
W-1 . . imported "PRDPCOWNW"."TBPRICE_PLAN"                  518.6 KB    7585 rows in 1 seconds using external_table
W-1 . . imported "PRDPCOWNW"."TBLOCALIZED_PROP"              401.5 KB    2472 rows in 0 seconds using external_table
W-1 . . imported "PRDPCOWNW"."TBCATALOG_ITEM_CTG"            114.6 KB    2153 rows in 0 seconds using external_table
W-1 . . imported "PRDPCOWNW"."TBPROPERTY"                    108.0 KB    1236 rows in 0 seconds using external_table
W-1 . . imported "PRDPCOWNW"."TBBILL_PARAM"                  49.32 KB     314 rows in 0 seconds using external_table
W-1 . . imported "PRDPCOWNW"."TBPROCESS"                     34.25 KB     280 rows in 0 seconds using external_table
W-1 . . imported "PRDPCOWNW"."TBBILL_DOMAIN_VV"              32.42 KB     297 rows in 0 seconds using external_table
W-1 . . imported "PRDPCOWNW"."TBENTITY_NAME"                 29.40 KB     260 rows in 0 seconds using external_table
W-1 . . imported "PRDPCOWNW"."TBCATEGORY"                    26.71 KB     130 rows in 0 seconds using external_table
W-1 . . imported "PRDPCOWNW"."TBPC_VERSION"                  25.87 KB     187 rows in 1 seconds using external_table
W-1 . . imported "PRDPCOWNW"."TBCATEGORY_TO_CATEGORY"        24.07 KB     220 rows in 0 seconds using external_table
W-1 . . imported "PRDPCOWNW"."EPCIMPORT_ATTRIBUTE_POPLVL"    27.91 KB    1119 rows in 0 seconds using external_table
W-1 . . imported "PRDPCOWNW"."TBQUICK_ACTION"                14.03 KB       3 rows in 0 seconds using external_table
W-1 . . imported "PRDPCOWNW"."TB_IMPORT_EXECUTION"           13.59 KB      11 rows in 0 seconds using external_table
W-1 . . imported "PRDPCOWNW"."TBBILL_DOMAIN"                 11.39 KB      66 rows in 1 seconds using external_table
W-1 . . imported "PRDPCOWNW"."TBOFFER2OFFER_RELATION_ROOT"   12.14 KB     189 rows in 0 seconds using external_table
W-1 . . imported "PRDPCOWNW"."TBQUICK_ACTION_ACTIVITIES"     10.87 KB       9 rows in 0 seconds using external_table
W-1 . . imported "PRDPCOWNW"."TBCD_SALES_CHANNEL"            9.992 KB      24 rows in 0 seconds using external_table
W-1 . . imported "PRDPCOWNW"."EPC1_DISTRIB_VERSION"          10.02 KB       1 rows in 0 seconds using external_table
W-1 . . imported "PRDPCOWNW"."TBQUICK_ACTION_LOCALIZED"       9.25 KB       6 rows in 1 seconds using external_table
W-1 . . imported "PRDPCOWNW"."TBOPTIONAL_DOMAINS"            8.890 KB       7 rows in 0 seconds using external_table
W-1 . . imported "PRDPCOWNW"."TBBILL_VAL_MAP"                8.851 KB       8 rows in 0 seconds using external_table
W-1 . . imported "PRDPCOWNW"."TBEVENT_GROUP"                 8.617 KB       2 rows in 0 seconds using external_table
W-1 . . imported "PRDPCOWNW"."CD_TRACKING_REF"               7.726 KB      20 rows in 0 seconds using external_table
W-1 . . imported "PRDPCOWNW"."TBCATEGORY_CHANNEL"            7.476 KB       8 rows in 1 seconds using external_table
W-1 . . imported "PRDPCOWNW"."EPC1_DISTRIB_LOG"                  0 KB       0 rows in 0 seconds using external_table
W-1 . . imported "PRDPCOWNW"."EPC1_PKG_HISTORY"                  0 KB       0 rows in 0 seconds using external_table
W-1 . . imported "PRDPCOWNW"."EPCIMPORT_DEPOSIT"                 0 KB       0 rows in 0 seconds using external_table
W-1 . . imported "PRDPCOWNW"."PCE_SORT_ENTITY"                   0 KB       0 rows in 0 seconds using external_table
W-1 . . imported "PRDPCOWNW"."TBCATEGORY_CRITERIA"               0 KB       0 rows in 0 seconds using external_table
W-1 . . imported "PRDPCOWNW"."TBCATEGORY_FEATURES"               0 KB       0 rows in 0 seconds using external_table
W-1 . . imported "PRDPCOWNW"."TBCATEGORY_RELATION"               0 KB       0 rows in 0 seconds using external_table
W-1 . . imported "PRDPCOWNW"."TBCHARGE_CODE"                     0 KB       0 rows in 0 seconds using external_table
W-1 . . imported "PRDPCOWNW"."TBCHARGE_EVENT"                    0 KB       0 rows in 0 seconds using external_table
W-1 . . imported "PRDPCOWNW"."TBCOMMITMENT_TERM"                 0 KB       0 rows in 0 seconds using external_table
W-1 . . imported "PRDPCOWNW"."TBCOMMITMNT_PERIOD"                0 KB       0 rows in 0 seconds using external_table
W-1 . . imported "PRDPCOWNW"."TBCRITERIA"                        0 KB       0 rows in 0 seconds using external_table
W-1 . . imported "PRDPCOWNW"."TBFEATURES"                        0 KB       0 rows in 0 seconds using external_table
W-1 . . imported "PRDPCOWNW"."TBITEM2ITEM_RELATION"              0 KB       0 rows in 0 seconds using external_table
W-1 . . imported "PRDPCOWNW"."TBITEM_CATEGORIES_CRITERIA"        0 KB       0 rows in 0 seconds using external_table
W-1 . . imported "PRDPCOWNW"."TBITEM_CATEGORY_FEATURES"          0 KB       0 rows in 0 seconds using external_table
W-1 . . imported "PRDPCOWNW"."TBITEM_CONTACT"                    0 KB       0 rows in 0 seconds using external_table
W-1 . . imported "PRDPCOWNW"."TBITEM_SECURITY"                   0 KB       0 rows in 0 seconds using external_table
W-1 . . imported "PRDPCOWNW"."TBLOCALIZED_RELATION"              0 KB       0 rows in 0 seconds using external_table
W-1 . . imported "PRDPCOWNW"."TBMARKETING_PARAMETER"             0 KB       0 rows in 0 seconds using external_table
W-1 . . imported "PRDPCOWNW"."TBOFFER_MARKETING_PARAMETER"       0 KB       0 rows in 0 seconds using external_table
W-1 . . imported "PRDPCOWNW"."TBPCCONTACT"                       0 KB       0 rows in 0 seconds using external_table
W-1 . . imported "PRDPCOWNW"."TBRELATION_PROP"                   0 KB       0 rows in 0 seconds using external_table
W-1 . . imported "PRDPCOWNW"."TBSELECTION_GROUP"                 0 KB       0 rows in 0 seconds using external_table
W-1 . . imported "PRDPCOWNW"."TBSOURCE_ITEM"                     0 KB       0 rows in 0 seconds using external_table
W-1      Completed 70 TABLE_EXPORT/TABLE/TABLE_DATA objects in 795 seconds
Job "HFGT"."SYS_IMPORT_FULL_03" successfully completed at Tue May 26 15:33:59 2026 elapsed 0 00:13:27
