;;; 
Import: Release 19.0.0.0.0 - Production on Tue May 26 15:41:04 2026
Version 19.22.0.0.0

Copyright (c) 1982, 2019, Oracle and/or its affiliates.  All rights reserved.
;;; 
Connected to: Oracle Database 19c Enterprise Edition Release 19.0.0.0.0 - Production
;;; **************************************************************************
;;; Parfile values:
;;;  parfile:  cluster=N
;;;  parfile:  trace=480300
;;;  parfile:  metrics=Y
;;;  parfile:  table_exists_action=TRUNCATE
;;;  parfile:  content=data_only
;;;  parfile:  remap_schema=TFPOMSD8:PRDREFOWNW
;;;  parfile:  data_options=SKIP_CONSTRAINT_ERRORS
;;;  parfile:  logfile=HF.100010874.IMPDP_oms_ref.log
;;;  parfile:  dumpfile=TFPOMSD8_PMECOMS8_Oms_REF.dmp
;;;  parfile:  directory=HFDUMP
;;;  parfile:  userid=HFGT/********@prdoms
;;; **************************************************************************
W-1 Startup took 1 seconds
W-1 Master table "HFGT"."SYS_IMPORT_FULL_03" successfully loaded/unloaded
Starting "HFGT"."SYS_IMPORT_FULL_03":  HFGT/********@prdoms parfile=REF_FULL.par 
W-1 Processing object type TABLE_EXPORT/TABLE/TABLE_DATA
W-1 . . imported "PRDREFOWNW"."X_PLANINFO"                   1.716 MB   33059 rows in 0 seconds using external_table
W-1 . . imported "PRDREFOWNW"."X_OFFER_FILTER_PLAN"          748.9 KB   10425 rows in 0 seconds using external_table
W-1 . . imported "PRDREFOWNW"."X_WIRELINE_SERVICE_BENEFITS"  657.9 KB    5514 rows in 1 seconds using external_table
W-1 . . imported "PRDREFOWNW"."X_VAS_BENEFITS"               688.1 KB    5066 rows in 0 seconds using external_table
W-1 . . imported "PRDREFOWNW"."X_OFFER_FILTER_SPEED"         545.4 KB    6067 rows in 0 seconds using external_table
W-1 . . imported "PRDREFOWNW"."X_OFFER_FILTER_BO"            520.7 KB    9629 rows in 0 seconds using external_table
W-1 . . imported "PRDREFOWNW"."X_PROVIDE_BENEFITS"           443.5 KB    4038 rows in 0 seconds using external_table
W-1 . . imported "PRDREFOWNW"."X_REPLACE_OFFER_BENEFITS"     386.5 KB    3416 rows in 0 seconds using external_table
W-1 . . imported "PRDREFOWNW"."X_PURCHASE_DEVICE_BENEFIT"    218.9 KB    1605 rows in 0 seconds using external_table
W-1 . . imported "PRDREFOWNW"."X_INTERNET_OFFER_FILTER"      238.2 KB    6063 rows in 0 seconds using external_table
W-1 . . imported "PRDREFOWNW"."X_OFFER_FILTER_BUNDLE"        117.2 KB    1873 rows in 0 seconds using external_table
W-1 . . imported "PRDREFOWNW"."X_PORTABILITY_BENEFITS"       43.63 KB     401 rows in 0 seconds using external_table
W-1 . . imported "PRDREFOWNW"."X_STB_SETTING"                27.76 KB     552 rows in 0 seconds using external_table
W-1 . . imported "PRDREFOWNW"."X_TBCAMPAIGN"                 19.86 KB     123 rows in 0 seconds using external_table
W-1 . . imported "PRDREFOWNW"."X_TBUPFRONT_IND"              18.12 KB     300 rows in 1 seconds using external_table
W-1 . . imported "PRDREFOWNW"."X_BO_FILTER_COMPATIBILITY"    11.81 KB     195 rows in 0 seconds using external_table
W-1 . . imported "PRDREFOWNW"."X_TBOFFER_ELIGIBILITY_PE"     11.95 KB     228 rows in 0 seconds using external_table
W-1 . . imported "PRDREFOWNW"."X_TBOFFER_ELIGIBILITY_IND"    11.08 KB     228 rows in 0 seconds using external_table
W-1 . . imported "PRDREFOWNW"."X_INSTALLATION_FEE"           9.226 KB      33 rows in 0 seconds using external_table
W-1 . . imported "PRDREFOWNW"."X_CHANNEL_MAP_CONTROL"        8.937 KB      43 rows in 1 seconds using external_table
W-1 . . imported "PRDREFOWNW"."X_BO_DISCOUNT_PLAN"           8.960 KB     131 rows in 0 seconds using external_table
W-1 . . imported "PRDREFOWNW"."X_TBDEL_PAY_OPTIONS"          8.789 KB      23 rows in 0 seconds using external_table
W-1 . . imported "PRDREFOWNW"."X_SPS_GENERIC_MODEM_FILTER"   8.640 KB      12 rows in 0 seconds using external_table
W-1 . . imported "PRDREFOWNW"."X_EQUIPMENT"                  8.195 KB      36 rows in 0 seconds using external_table
W-1 . . imported "PRDREFOWNW"."X_TBOFFER_ELIGIBILITY_CL"     6.195 KB      20 rows in 0 seconds using external_table
W-1 . . imported "PRDREFOWNW"."X_SERVICE_ACTVTN_BENEFITS"        0 KB       0 rows in 0 seconds using external_table
W-1      Completed 26 TABLE_EXPORT/TABLE/TABLE_DATA objects in 6 seconds
Job "HFGT"."SYS_IMPORT_FULL_03" successfully completed at Tue May 26 15:41:43 2026 elapsed 0 00:00:38
