
Connected to: Oracle Database 19c Enterprise Edition Release 19.0.0.0.0 - Production
Version 19.22.0.0.0

Export file created by EXPORT:V19.00.00 via conventional path

Warning: the objects were exported by SA, not by you

import done in UTF8 character set and AL16UTF16 NCHAR character set
import server uses WE8ISO8859P1 character set (possible charset conversion)
. importing SA's objects into SAREFW
. importing SA's objects into SAREFW
. . importing table    "MTM_CNTRLD_FN2_AUTH_PATH3"        307 rows imported
. . importing table      "MTM_COUNTRY1_TIME_ZONE0"         22 rows imported
. . importing table   "MTM_CYCLE_STAGE5_TASK_SET3"          0 rows imported
. . importing table    "MTM_FLEX_DEFN0_FLEX_TMPL0"       4969 rows imported
. . importing table    "MTM_GBST_ELM89_CNTRLD_FN8"          0 rows imported
. . importing table   "MTM_GBST_ELM92_TRANSN_MAP2"        119 rows imported
. . importing table   "MTM_HGBST_ELM0_HGBST_SHOW1"      56179 rows imported
. . importing table    "MTM_HGBST_ELM1_CNTRLD_FN9"          0 rows imported
. . importing table "MTM_HGBST_ELM34_PART_ACTION2"         15 rows imported
. . importing table       "MTM_HGBST_ELM59_EVENT0"          0 rows imported
. . importing table   "MTM_HGBST_ELM9_TRANSN_MAP4"          0 rows imported
. . importing table    "MTM_LIFE_CYCLE6_TASK_SET2"          0 rows imported
. . importing table    "MTM_MOD_LEVEL4_MOD_LEVEL5"        449 rows imported
. . importing table "MTM_MOD_LEVEL52_PART_ACTION0"          0 rows imported
. . importing table   "MTM_MOD_LEVEL53_FLEX_TMPL1"          0 rows imported
. . importing table     "MTM_MOD_LEVEL54_PROCESS8"          0 rows imported
. . importing table "MTM_MOD_LEVEL56_ELGBLTY_SET0"          0 rows imported
. . importing table    "MTM_OFFERING8_OFFR_PRICE4"          0 rows imported
. . importing table       "MTM_OFFERING9_PROCESS7"          0 rows imported
. . importing table   "MTM_OFFR_PRICE2_FR_AGRMNT3"          0 rows imported
. . importing table   "MTM_OFFR_PROD2_OFFR_PRICE0"          0 rows imported
. . importing table "MTM_PART_ACTION3_CH_OFR_ROLE2"          0 rows imported
. . importing table "MTM_PRICE_FACTOR0_PRICE_INST3"          0 rows imported
. . importing table   "MTM_PRIVCLASS1_CONTROL_DB2"          0 rows imported
. . importing table   "MTM_PRIVCLASS7_VALUE_ITEM2"          0 rows imported
. . importing table   "MTM_PRIVCLASS8_WEB_OBJECT0"          0 rows imported
. . importing table     "MTM_PRIVCLASS9_RQST_DEF3"          0 rows imported
. . importing table  "MTM_PRT_DOMAIN1_PRT_DOMAIN2"          0 rows imported
. . importing table      "MTM_RULE_OBJECT0_EVENT1"        357 rows imported
. . importing table    "MTM_STAGE_TASK4_TASK_SET0"          0 rows imported
. . importing table "MTM_TM_TASK_GRP0_TM_TASK_DEF0"          4 rows imported
. . importing table   "MTM_WEB_OBJECT1_CNTRLD_FN3"        167 rows imported
. . importing table    "MTM_WINDOW_DB4_RC_CONFIG1"        804 rows imported
. . importing table    "MTM_WINDOW_DB5_RC_CONFIG2"          0 rows imported
. . importing table        "TABLE_ACTION_DATA_MAP"          1 rows imported
. . importing table        "TABLE_ANA_SCORE_RANGE"          0 rows imported
. . importing table             "TABLE_AUDIT_INFO"         36 rows imported
. . importing table            "TABLE_AUTH_DOMAIN"          8 rows imported
. . importing table              "TABLE_AUTH_PATH"          8 rows imported
. . importing table               "TABLE_AXFPROPS"       1818 rows imported
. . importing table                "TABLE_BIZ_CAL"       2019 rows imported
. . importing table            "TABLE_BIZ_CAL_HDR"       2019 rows imported
. . importing table            "TABLE_BM_BUS_PLCY"         32 rows imported
. . importing table             "TABLE_CCLASS_DEF"         15 rows imported
. . importing table            "TABLE_CDO_CONTEXT"          0 rows imported
. . importing table        "TABLE_CDO_CONTEXT_MAP"          0 rows imported
. . importing table                "TABLE_CHANNEL"         77 rows imported
. . importing table             "TABLE_CHOICE_FLD"        355 rows imported
. . importing table            "TABLE_CH_OFR_ROLE"          0 rows imported
. . importing table            "TABLE_CIH_MAPPING"        228 rows imported
. . importing table              "TABLE_CLS_GROUP"          0 rows imported
. . importing table              "TABLE_CNTRLD_FN"        365 rows imported
. . importing table             "TABLE_CNTRLD_OBJ"         17 rows imported
. . importing table             "TABLE_COM_TMPLTE"        214 rows imported
. . importing table              "TABLE_COND_DEFN"         54 rows imported
. . importing table             "TABLE_CONFIG_ITM"        728 rows imported
. . importing table             "TABLE_CONTROL_DB"      17881 rows imported
. . importing table                "TABLE_COUNTRY"          2 rows imported
. . importing table             "TABLE_CTX_OBJ_DB"      28073 rows imported
. . importing table              "TABLE_CTX_PANEL"          4 rows imported
. . importing table         "TABLE_CTX_PANEL_FORM"          7 rows imported
. . importing table         "TABLE_CTX_PANEL_RULE"         30 rows imported
. . importing table              "TABLE_CTYPE_LVL"       1070 rows imported
. . importing table               "TABLE_CURRENCY"          7 rows imported
. . importing table           "TABLE_CUSTOMER_ACT"        280 rows imported
. . importing table            "TABLE_CYCLE_STAGE"          9 rows imported
. . importing table            "TABLE_DAYLIGHT_HR"        536 rows imported
. . importing table              "TABLE_DIST_SRVR"          0 rows imported
. . importing table            "TABLE_ELGBLTY_SET"          0 rows imported
. . importing table            "TABLE_ENTITLEMENT"        584 rows imported
. . importing table                  "TABLE_EVENT"        169 rows imported
. . importing table                   "TABLE_EXPR"          5 rows imported
. . importing table             "TABLE_EXPR_PARAM"          4 rows imported
. . importing table            "TABLE_EXTERN_LINK"          0 rows imported
. . importing table            "TABLE_FA_PART_NUM"          0 rows imported
. . importing table                "TABLE_FLD_DEF"        445 rows imported
. . importing table              "TABLE_FLEX_DEFN"       2837 rows imported
. . importing table              "TABLE_FLEX_TMPL"        157 rows imported
. . importing table                   "TABLE_FORM"          6 rows imported
. . importing table              "TABLE_FR_AGRMNT"          1 rows imported
. . importing table            "TABLE_FR_AGR_TERM"          0 rows imported
. . importing table                "TABLE_FTS_OPT"         10 rows imported
. . importing table               "TABLE_FUNCTION"          0 rows imported
. . importing table             "TABLE_FUNC_GROUP"          0 rows imported
. . importing table               "TABLE_GBST_ELM"       2597 rows imported
. . importing table               "TABLE_GBST_LST"        112 rows imported
. . importing table               "TABLE_GEN_TEAM"         75 rows imported
. . importing table              "TABLE_HGBST_ELM"      45912 rows imported
. . importing table              "TABLE_HGBST_LST"        764 rows imported
. . importing table             "TABLE_HGBST_SHOW"       9318 rows imported
. . importing table                "TABLE_HOLIDAY"        240 rows imported
. . importing table            "TABLE_HOLIDAY_GRP"         18 rows imported
. . importing table             "TABLE_JPDY_GROUP"         47 rows imported
. . importing table             "TABLE_JPDY_LEVEL"          3 rows imported
. . importing table             "TABLE_JPDY_PARAM"        190 rows imported
. . importing table               "TABLE_JPDY_SET"        129 rows imported
. . importing table              "TABLE_JSP_CACHE"          0 rows imported
. . importing table             "TABLE_LEAD_STAGE"          4 rows imported
. . importing table             "TABLE_LIFE_CYCLE"          1 rows imported
. . importing table            "TABLE_LIST_STRUCT"          6 rows imported
. . importing table                 "TABLE_LOCALE"         11 rows imported
. . importing table                 "TABLE_MEDIUM"         19 rows imported
. . importing table              "TABLE_MILESTONE"         54 rows imported
. . importing table              "TABLE_MOD_LEVEL"        691 rows imported
. . importing table               "TABLE_MSG_ATTR"          0 rows imported
. . importing table             "TABLE_NUM_SCHEME"         70 rows imported
. . importing table            "TABLE_OBJECT_FORM"        107 rows imported
. . importing table             "TABLE_OBJECT_TAB"        205 rows imported
. . importing table           "TABLE_OBJ_TAB_ROLE"       1259 rows imported
. . importing table               "TABLE_OFFERING"          0 rows imported
. . importing table           "TABLE_OFFERING_GRP"          0 rows imported
. . importing table      "TABLE_OFFR_GRP_GRP_ROLE"          0 rows imported
. . importing table          "TABLE_OFFR_GRP_ROLE"          0 rows imported
. . importing table             "TABLE_OFFR_PRICE"          0 rows imported
. . importing table        "TABLE_OFFR_PRICE_ROLE"          0 rows imported
. . importing table              "TABLE_OFFR_PROD"          0 rows imported
. . importing table            "TABLE_PART_ACTION"         11 rows imported
. . importing table             "TABLE_PART_CLASS"          1 rows imported
. . importing table               "TABLE_PART_NUM"        591 rows imported
. . importing table               "TABLE_PART_QTY"          0 rows imported
. . importing table              "TABLE_PART_ROLE"          0 rows imported
. . importing table           "TABLE_PRICE_FACTOR"          0 rows imported
. . importing table             "TABLE_PRICE_INST"        635 rows imported
. . importing table             "TABLE_PRICE_PROG"          3 rows imported
. . importing table              "TABLE_PRICE_QTY"        635 rows imported
. . importing table             "TABLE_PRICE_TYPE"          6 rows imported
. . importing table              "TABLE_PRIVCLASS"        183 rows imported
. . importing table                "TABLE_PROCESS"        163 rows imported
. . importing table              "TABLE_PROC_DIAG"        163 rows imported
. . importing table           "TABLE_PROFILE_ATTR"          0 rows imported
. . importing table              "TABLE_PROP_NAME"        577 rows imported
. . importing table             "TABLE_PRT_DOMAIN"         20 rows imported
. . importing table            "TABLE_PX_XML_DSTB"          0 rows imported
. . importing table                  "TABLE_QUEUE"        212 rows imported
. . importing table           "TABLE_QUICK_ACTION"         67 rows imported
. . importing table        "TABLE_QUICK_ACT_LABEL"        239 rows imported
. . importing table        "TABLE_QUICK_ACT_ORDER"        102 rows imported
. . importing table              "TABLE_RC_CONFIG"          1 rows imported
. . importing table         "TABLE_RESPONSE_LEVEL"          0 rows imported
. . importing table               "TABLE_ROLE_DEF"         23 rows imported
. . importing table            "TABLE_ROL_FN_AUTH"      12290 rows imported
. . importing table               "TABLE_RQST_DEF"        265 rows imported
. . importing table          "TABLE_RQST_FLD_ROLE"        937 rows imported
. . importing table            "TABLE_RQST_POLICY"          4 rows imported
. . importing table                   "TABLE_RULE"          4 rows imported
. . importing table              "TABLE_RULE_COND"        443 rows imported
. . importing table            "TABLE_RULE_OBJECT"         24 rows imported
. . importing table            "TABLE_SALE_CHANNL"          0 rows imported
. . importing table               "TABLE_SHOWPAGE"          0 rows imported
. . importing table         "TABLE_SOCIAL_PROFILE"          0 rows imported
. . importing table         "TABLE_SOCIAL_SESSION"          0 rows imported
. . importing table                 "TABLE_SOURCE"       1647 rows imported
. . importing table           "TABLE_STAGE_ASSIGN"          9 rows imported
. . importing table             "TABLE_STAGE_TASK"          0 rows imported
. . importing table             "TABLE_STATE_PROV"         78 rows imported
. . importing table              "TABLE_STRING_DB"      48337 rows imported
. . importing table                "TABLE_SVC_FLD"          0 rows imported
. . importing table               "TABLE_SVC_RQST"          0 rows imported
. . importing table               "TABLE_SVC_TYPE"         55 rows imported
. . importing table               "TABLE_TAB_DEFN"         45 rows imported
. . importing table               "TABLE_TASK_SET"          0 rows imported
. . importing table                "TABLE_TBL_DEF"          3 rows imported
. . importing table              "TABLE_TIME_ZONE"         30 rows imported
. . importing table            "TABLE_TM_TASK_DEF"          4 rows imported
. . importing table          "TABLE_TM_TASK_FIELD"         32 rows imported
. . importing table            "TABLE_TM_TASK_GRP"          2 rows imported
. . importing table            "TABLE_TM_TASK_OBJ"          2 rows imported
. . importing table          "TABLE_TM_TASK_PARAM"         16 rows imported
. . importing table                 "TABLE_TRANSN"       1598 rows imported
. . importing table             "TABLE_TRANSN_FLD"         11 rows imported
. . importing table             "TABLE_TRANSN_MAP"         96 rows imported
. . importing table             "TABLE_VALUE_ITEM"      17911 rows imported
. . importing table             "TABLE_WEB_OBJECT"        164 rows imported
. . importing table              "TABLE_WINDOW_DB"        828 rows imported
. . importing table             "TABLE_WK_WORK_HR"         26 rows imported
. . importing table                "TABLE_WORK_HR"        161 rows imported
. . importing table                "TABLE_XFILTER"        704 rows imported
. . importing table   "TABLE_X_3_CREDIT_LIMIT_REF"          6 rows imported
. . importing table      "TABLE_X_3_ECA_FIN_ACCNT"          0 rows imported
. . importing table        "TABLE_X_3_LST_CNT_ELM"      33392 rows imported
. . importing table        "TABLE_X_3_LST_CNT_LST"         22 rows imported
. . importing table       "TABLE_X_3_LST_CNT_MTRX"       2837 rows imported
. . importing table       "TABLE_X_3_LST_CNT_TREE"        173 rows imported
. . importing table     "TABLE_X_3_OTB_COMM_TMPLT"        130 rows imported
. . importing table       "TABLE_X_3_REF_RELEASES"        156 rows imported
. . importing table "TABLE_X_3_SEARCH_LIMIT_PATTERN"        280 rows imported
. . importing table "TABLE_X_3_SEARCH_LIMIT_SCREEN"         39 rows imported
. . importing table        "TABLE_X_CUSTOMER_AUTH"         43 rows imported
. . importing table   "TABLE_X_SEARCH_LIMITATIONS"          0 rows imported
. . importing table        "TABLE_X_SECURITY_CONF"        207 rows imported
. . importing table            "TABLE_X_VALUE_MAP"       1668 rows imported
Import terminated successfully without warnings.
