16:23:21 SQL> select user,global_name from global_name;

USER                                                                                                                                                                                                                                                                                                        
------------------------------------------------------------------------------------------------------------------------------------------------------------------------------------------------------------------------------------------------------------------------------------------------------------
GLOBAL_NAME                                                                                                                                                                                                                                                                                                 
------------------------------                                                                                                                                                                                                                                                                              
PRDPCOWNW                                                                                                                                                                                                                                                                                                   
PRDOMS                                                                                                                                                                                                                                                                                                      
                                                                                                                                                                                                                                                                                                            

1 row selected.

Elapsed: 00:00:00.00
16:23:21 SQL> set define off
16:23:21 SQL> --add files
16:23:21 SQL> @C_SIMCard_Apply100Discount_with_Device_360_GroupID_34585415_0.sql;
16:23:21 SQL> SET DEFINE OFF;
16:23:21 SQL> 
16:23:21 SQL> UPDATE tbpcrules SET expression ='(   myObj.getCustomer().getCustomerAccountType().compareTo("C")==0   &&   ((	  myObj.getItem().isNewItem()==true	 &&	 myObj.getItem().getParentVal().hasChildByCaption("Device")==true      &&      myObj.getItem().getParentVal().getChildByCaption("Device").isNewItem()==true	 &&	 myObj.getItem().getParentVal().getChildByCaption("Device").getAttribute("AcquisitionType").compareTo("Private")!=0	 &&	 myObj.getItem().getGTIDiscountType().compareTo("DtoSim100P")==0   )   ||   (	   myObj.getItem().getOrderActionType().getCode().compareTo("CH")==0	  &&	  myObj.getItem().isNewItem()==true	 &&	 myObj.getItem().getAgeInDaysOfPreviousVersion()<=6   )))' WHERE groupid='34585415_0' AND REF_TYPE='IT';

1 row updated.

Elapsed: 00:00:00.07
16:23:21 SQL> 
16:23:21 SQL> COMMIT;

Commit complete.

Elapsed: 00:00:00.00
16:23:21 SQL> 
16:23:21 SQL> spool off;
